V3 24
FL "C:/Users/Miles/Desktop/ECE368-Lab-master/ECE368-Lab-master/Lab 2/ALU/alu_arithmetic_unit.vhd" 2016/02/10.14:11:07 P.20131013
EN work/Arith_Unit 1455312718 \
      FL "C:/Users/Miles/Desktop/ECE368-Lab-master/ECE368-Lab-master/Lab 2/ALU/alu_arithmetic_unit.vhd" \
      PB ieee/std_logic_1164 1381692176 PB ieee/std_logic_arith 1381692177 \
      PB ieee/STD_LOGIC_UNSIGNED 1381692179
AR work/Arith_Unit/Combinational 1455312719 \
      FL "C:/Users/Miles/Desktop/ECE368-Lab-master/ECE368-Lab-master/Lab 2/ALU/alu_arithmetic_unit.vhd" \
      EN work/Arith_Unit 1455312718
FL "C:/Users/Miles/Desktop/ECE368-Lab-master/ECE368-Lab-master/Lab 2/ALU/alu_logic_unit.vhd" 2016/02/10.14:11:07 P.20131013
EN work/Logic_Unit 1455312720 \
      FL "C:/Users/Miles/Desktop/ECE368-Lab-master/ECE368-Lab-master/Lab 2/ALU/alu_logic_unit.vhd" \
      PB ieee/std_logic_1164 1381692176 PB ieee/std_logic_arith 1381692177 \
      PB ieee/STD_LOGIC_UNSIGNED 1381692179
AR work/Logic_Unit/Combinational 1455312721 \
      FL "C:/Users/Miles/Desktop/ECE368-Lab-master/ECE368-Lab-master/Lab 2/ALU/alu_logic_unit.vhd" \
      EN work/Logic_Unit 1455312720
FL "C:/Users/Miles/Desktop/ECE368-Lab-master/ECE368-Lab-master/Lab 2/ALU/alu_mux.vhd" 2016/02/10.14:11:07 P.20131013
EN work/ALU_Mux 1455312726 \
      FL "C:/Users/Miles/Desktop/ECE368-Lab-master/ECE368-Lab-master/Lab 2/ALU/alu_mux.vhd" \
      PB ieee/std_logic_1164 1381692176 PB ieee/std_logic_arith 1381692177 \
      PB ieee/STD_LOGIC_UNSIGNED 1381692179
AR work/ALU_Mux/Combinational 1455312727 \
      FL "C:/Users/Miles/Desktop/ECE368-Lab-master/ECE368-Lab-master/Lab 2/ALU/alu_mux.vhd" \
      EN work/ALU_Mux 1455312726
FL "C:/Users/Miles/Desktop/ECE368-Lab-master/ECE368-Lab-master/Lab 2/ALU/alu_shift_unit.vhd" 2016/02/10.14:11:07 P.20131013
EN work/ALU_Shift_Unit 1455312722 \
      FL "C:/Users/Miles/Desktop/ECE368-Lab-master/ECE368-Lab-master/Lab 2/ALU/alu_shift_unit.vhd" \
      PB ieee/std_logic_1164 1381692176 PB ieee/std_logic_arith 1381692177 \
      PB ieee/STD_LOGIC_UNSIGNED 1381692179
AR work/ALU_Shift_Unit/Combinational 1455312723 \
      FL "C:/Users/Miles/Desktop/ECE368-Lab-master/ECE368-Lab-master/Lab 2/ALU/alu_shift_unit.vhd" \
      EN work/ALU_Shift_Unit 1455312722
FL "C:/Users/Miles/Desktop/ECE368-Lab-master/ECE368-Lab-master/Lab 2/ALU/alu_toplevel.vhd" 2016/02/10.14:11:07 P.20131013
EN work/ALU 1455312728 \
      FL "C:/Users/Miles/Desktop/ECE368-Lab-master/ECE368-Lab-master/Lab 2/ALU/alu_toplevel.vhd" \
      PB ieee/std_logic_1164 1381692176 PB ieee/std_logic_arith 1381692177 \
      PB ieee/STD_LOGIC_UNSIGNED 1381692179 LB work
AR work/ALU/Structural 1455312729 \
      FL "C:/Users/Miles/Desktop/ECE368-Lab-master/ECE368-Lab-master/Lab 2/ALU/alu_toplevel.vhd" \
      EN work/ALU 1455312728 CP work/Arith_Unit CP work/Logic_Unit \
      CP work/alu_shift_unit CP work/Load_Store_Unit CP work/ALU_Mux
FL "C:/Users/Miles/Desktop/ECE368-Lab-master/ECE368-Lab-master/Lab 2/ALU/load_store_unit.vhd" 2016/02/10.14:11:07 P.20131013
EN work/Load_Store_Unit 1455312724 \
      FL "C:/Users/Miles/Desktop/ECE368-Lab-master/ECE368-Lab-master/Lab 2/ALU/load_store_unit.vhd" \
      PB ieee/std_logic_1164 1381692176 PB ieee/std_logic_arith 1381692177 \
      PB ieee/STD_LOGIC_UNSIGNED 1381692179
AR work/Load_Store_Unit/Behavioral 1455312725 \
      FL "C:/Users/Miles/Desktop/ECE368-Lab-master/ECE368-Lab-master/Lab 2/ALU/load_store_unit.vhd" \
      EN work/Load_Store_Unit 1455312724
