Release 14.7 - xst P.20131013 (nt64)
Copyright (c) 1995-2013 Xilinx, Inc.  All rights reserved.
--> Parameter TMPDIR set to xst/projnav.tmp


Total REAL time to Xst completion: 1.00 secs
Total CPU time to Xst completion: 0.33 secs
 
--> Parameter xsthdpdir set to xst


Total REAL time to Xst completion: 1.00 secs
Total CPU time to Xst completion: 0.33 secs
 
--> Reading design: BiggerBlackerBox.prj

TABLE OF CONTENTS
  1) Synthesis Options Summary
  2) HDL Compilation
  3) Design Hierarchy Analysis
  4) HDL Analysis
  5) HDL Synthesis
     5.1) HDL Synthesis Report
  6) Advanced HDL Synthesis
     6.1) Advanced HDL Synthesis Report
  7) Low Level Synthesis
  8) Partition Report
  9) Final Report
	9.1) Device utilization summary
	9.2) Partition Resource Summary
	9.3) TIMING REPORT


=========================================================================
*                      Synthesis Options Summary                        *
=========================================================================
---- Source Parameters
Input File Name                    : "BiggerBlackerBox.prj"
Input Format                       : mixed
Ignore Synthesis Constraint File   : NO

---- Target Parameters
Output File Name                   : "BiggerBlackerBox"
Output Format                      : NGC
Target Device                      : xc3s500e-4-fg320

---- Source Options
Top Module Name                    : BiggerBlackerBox
Automatic FSM Extraction           : YES
FSM Encoding Algorithm             : Auto
Safe Implementation                : No
FSM Style                          : LUT
RAM Extraction                     : Yes
RAM Style                          : Auto
ROM Extraction                     : Yes
Mux Style                          : Auto
Decoder Extraction                 : YES
Priority Encoder Extraction        : Yes
Shift Register Extraction          : YES
Logical Shifter Extraction         : YES
XOR Collapsing                     : YES
ROM Style                          : Auto
Mux Extraction                     : Yes
Resource Sharing                   : YES
Asynchronous To Synchronous        : NO
Multiplier Style                   : Auto
Automatic Register Balancing       : No

---- Target Options
Add IO Buffers                     : YES
Global Maximum Fanout              : 100000
Add Generic Clock Buffer(BUFG)     : 24
Register Duplication               : YES
Slice Packing                      : YES
Optimize Instantiated Primitives   : NO
Use Clock Enable                   : Yes
Use Synchronous Set                : Yes
Use Synchronous Reset              : Yes
Pack IO Registers into IOBs        : Auto
Equivalent register Removal        : YES

---- General Options
Optimization Goal                  : Speed
Optimization Effort                : 1
Keep Hierarchy                     : No
Netlist Hierarchy                  : As_Optimized
RTL Output                         : Yes
Global Optimization                : AllClockNets
Read Cores                         : YES
Write Timing Constraints           : NO
Cross Clock Analysis               : NO
Hierarchy Separator                : /
Bus Delimiter                      : <>
Case Specifier                     : Maintain
Slice Utilization Ratio            : 100
BRAM Utilization Ratio             : 100
Verilog 2001                       : YES
Auto BRAM Packing                  : NO
Slice Utilization Ratio Delta      : 5

=========================================================================


=========================================================================
*                          HDL Compilation                              *
=========================================================================
Compiling vhdl file "C:/Users/Richard/Desktop/School/Engineering/ECE368/ECE_368/ECE_368/Lab 2/SevenSegmentDisplay/SevenSeg.vhd" in Library work.
Architecture behavioral of Entity ssegdriver is up to date.
Compiling vhdl file "C:/Users/Richard/Desktop/School/Engineering/ECE368/ECE_368/ECE_368/Lab 2/Lab2FinalDesign/SwitchMux.vhd" in Library work.
Entity <SwitchMux> compiled.
Entity <SwitchMux> (Architecture <Behavioral>) compiled.
Compiling vhdl file "C:/Users/Richard/Desktop/School/Engineering/ECE368/ECE_368/ECE_368/Lab 2/Lab2FinalDesign/reg.vhd" in Library work.
Entity <SIMPREG> compiled.
Entity <SIMPREG> (Architecture <SIMPLE>) compiled.
Compiling vhdl file "C:/Users/Richard/Desktop/School/Engineering/ECE368/ECE_368/ECE_368/Lab 2/SevenSegmentDisplay/SevenSeg_toplevel.vhd" in Library work.
Architecture structural of Entity sseg_toplevel is up to date.
Compiling vhdl file "C:/Users/Richard/Desktop/School/Engineering/ECE368/ECE_368/ECE_368/Lab 2/Lab2FinalDesign/BiggerBlackerBox.vhd" in Library work.
Entity <BiggerBlackerBox> (Architecture <Behavioral>) compiled.

=========================================================================
*                     Design Hierarchy Analysis                         *
=========================================================================
Analyzing hierarchy for entity <BiggerBlackerBox> in library <work> (architecture <Behavioral>).

Analyzing hierarchy for entity <SwitchMux> in library <work> (architecture <Behavioral>).

Analyzing hierarchy for entity <SIMPREG> in library <work> (architecture <SIMPLE>).

Analyzing hierarchy for entity <SSeg_toplevel> in library <work> (architecture <Structural>).

Analyzing hierarchy for entity <SSegDriver> in library <work> (architecture <Behavioral>).


=========================================================================
*                            HDL Analysis                               *
=========================================================================
Analyzing Entity <BiggerBlackerBox> in library <work> (Architecture <Behavioral>).
Entity <BiggerBlackerBox> analyzed. Unit <BiggerBlackerBox> generated.

Analyzing Entity <SwitchMux> in library <work> (Architecture <Behavioral>).
WARNING:Xst:819 - "C:/Users/Richard/Desktop/School/Engineering/ECE368/ECE_368/ECE_368/Lab 2/Lab2FinalDesign/SwitchMux.vhd" line 47: One or more signals are missing in the process sensitivity list. To enable synthesis of FPGA/CPLD hardware, XST will assume that all necessary signals are present in the sensitivity list. Please note that the result of the synthesis may differ from the initial design specification. The missing signals are:
   <input>
Entity <SwitchMux> analyzed. Unit <SwitchMux> generated.

Analyzing Entity <SIMPREG> in library <work> (Architecture <SIMPLE>).
Entity <SIMPREG> analyzed. Unit <SIMPREG> generated.

Analyzing Entity <SSeg_toplevel> in library <work> (Architecture <Structural>).
Entity <SSeg_toplevel> analyzed. Unit <SSeg_toplevel> generated.

Analyzing Entity <SSegDriver> in library <work> (Architecture <Behavioral>).
WARNING:Xst:819 - "C:/Users/Richard/Desktop/School/Engineering/ECE368/ECE_368/ECE_368/Lab 2/SevenSegmentDisplay/SevenSeg.vhd" line 98: One or more signals are missing in the process sensitivity list. To enable synthesis of FPGA/CPLD hardware, XST will assume that all necessary signals are present in the sensitivity list. Please note that the result of the synthesis may differ from the initial design specification. The missing signals are:
   <clk240hz>
INFO:Xst:1561 - "C:/Users/Richard/Desktop/School/Engineering/ECE368/ECE_368/ECE_368/Lab 2/SevenSegmentDisplay/SevenSeg.vhd" line 120: Mux is complete : default of case is discarded
Entity <SSegDriver> analyzed. Unit <SSegDriver> generated.


=========================================================================
*                           HDL Synthesis                               *
=========================================================================

Performing bidirectional port resolution...

Synthesizing Unit <SwitchMux>.
    Related source file is "C:/Users/Richard/Desktop/School/Engineering/ECE368/ECE_368/ECE_368/Lab 2/Lab2FinalDesign/SwitchMux.vhd".
WARNING:Xst:737 - Found 8-bit latch for signal <outp1>. Latches may be generated from incomplete case or if statements. We do not recommend the use of latches in FPGA/CPLD designs, as they may lead to timing problems.
INFO:Xst:2371 - HDL ADVISOR - Logic functions respectively driving the data and gate enable inputs of this latch share common terms. This situation will potentially lead to setup/hold violations and, as a result, to simulation problems. This situation may come from an incomplete case statement (all selector values are not covered). You should carefully review if it was in your intentions to describe such a latch.
WARNING:Xst:737 - Found 8-bit latch for signal <outp2>. Latches may be generated from incomplete case or if statements. We do not recommend the use of latches in FPGA/CPLD designs, as they may lead to timing problems.
INFO:Xst:2371 - HDL ADVISOR - Logic functions respectively driving the data and gate enable inputs of this latch share common terms. This situation will potentially lead to setup/hold violations and, as a result, to simulation problems. This situation may come from an incomplete case statement (all selector values are not covered). You should carefully review if it was in your intentions to describe such a latch.
WARNING:Xst:737 - Found 8-bit latch for signal <outp3>. Latches may be generated from incomplete case or if statements. We do not recommend the use of latches in FPGA/CPLD designs, as they may lead to timing problems.
INFO:Xst:2371 - HDL ADVISOR - Logic functions respectively driving the data and gate enable inputs of this latch share common terms. This situation will potentially lead to setup/hold violations and, as a result, to simulation problems. This situation may come from an incomplete case statement (all selector values are not covered). You should carefully review if it was in your intentions to describe such a latch.
Unit <SwitchMux> synthesized.


Synthesizing Unit <SIMPREG>.
    Related source file is "C:/Users/Richard/Desktop/School/Engineering/ECE368/ECE_368/ECE_368/Lab 2/Lab2FinalDesign/reg.vhd".
    Found 8-bit register for signal <DOUT>.
    Summary:
	inferred   8 D-type flip-flop(s).
Unit <SIMPREG> synthesized.


Synthesizing Unit <SSegDriver>.
    Related source file is "C:/Users/Richard/Desktop/School/Engineering/ECE368/ECE_368/ECE_368/Lab 2/SevenSegmentDisplay/SevenSeg.vhd".
WARNING:Xst:647 - Input <COL_EN> is never used. This port will be preserved and left unconnected if it belongs to a top-level block or it belongs to a sub-block and the hierarchy of this sub-block is preserved.
    Found 16x7-bit ROM for signal <segnum>.
    Found 4x4-bit ROM for signal <AN_OUT$mux0001> created at line 104.
    Found 4-bit register for signal <AN_OUT>.
    Found 1-bit register for signal <DP_OUT>.
    Found 1-bit register for signal <clk240hz>.
    Found 17-bit up counter for signal <count240hz>.
    Found 1-bit 4-to-1 multiplexer for signal <DP_OUT$mux0001> created at line 104.
    Found 4-bit register for signal <hexnum>.
    Found 4-bit 4-to-1 multiplexer for signal <hexnum$mux0001> created at line 104.
    Found 2-bit up counter for signal <pos>.
    Summary:
	inferred   2 ROM(s).
	inferred   2 Counter(s).
	inferred  10 D-type flip-flop(s).
	inferred   5 Multiplexer(s).
Unit <SSegDriver> synthesized.


Synthesizing Unit <SSeg_toplevel>.
    Related source file is "C:/Users/Richard/Desktop/School/Engineering/ECE368/ECE_368/ECE_368/Lab 2/SevenSegmentDisplay/SevenSeg_toplevel.vhd".
WARNING:Xst:653 - Signal <s3> is used but never assigned. This sourceless signal will be automatically connected to value 1110.
WARNING:Xst:653 - Signal <s2> is used but never assigned. This sourceless signal will be automatically connected to value 1100.
WARNING:Xst:653 - Signal <enl> is used but never assigned. This sourceless signal will be automatically connected to value 1.
WARNING:Xst:653 - Signal <dpc> is used but never assigned. This sourceless signal will be automatically connected to value 1111.
WARNING:Xst:653 - Signal <cen> is used but never assigned. This sourceless signal will be automatically connected to value 0.
Unit <SSeg_toplevel> synthesized.


Synthesizing Unit <BiggerBlackerBox>.
    Related source file is "C:/Users/Richard/Desktop/School/Engineering/ECE368/ECE_368/ECE_368/Lab 2/Lab2FinalDesign/BiggerBlackerBox.vhd".
WARNING:Xst:1780 - Signal <rbout> is never used or assigned. This unconnected signal will be trimmed during the optimization process.
WARNING:Xst:1780 - Signal <opout> is never used or assigned. This unconnected signal will be trimmed during the optimization process.
WARNING:Xst:653 - Signal <en1> is used but never assigned. This sourceless signal will be automatically connected to value 1.
Unit <BiggerBlackerBox> synthesized.


=========================================================================
HDL Synthesis Report

Macro Statistics
# ROMs                                                 : 2
 16x7-bit ROM                                          : 1
 4x4-bit ROM                                           : 1
# Counters                                             : 2
 17-bit up counter                                     : 1
 2-bit up counter                                      : 1
# Registers                                            : 7
 1-bit register                                        : 2
 4-bit register                                        : 2
 8-bit register                                        : 3
# Latches                                              : 3
 8-bit latch                                           : 3
# Multiplexers                                         : 2
 1-bit 4-to-1 multiplexer                              : 1
 4-bit 4-to-1 multiplexer                              : 1

=========================================================================

=========================================================================
*                       Advanced HDL Synthesis                          *
=========================================================================


=========================================================================
Advanced HDL Synthesis Report

Macro Statistics
# ROMs                                                 : 2
 16x7-bit ROM                                          : 1
 4x4-bit ROM                                           : 1
# Counters                                             : 2
 17-bit up counter                                     : 1
 2-bit up counter                                      : 1
# Registers                                            : 34
 Flip-Flops                                            : 34
# Latches                                              : 3
 8-bit latch                                           : 3
# Multiplexers                                         : 2
 1-bit 4-to-1 multiplexer                              : 1
 4-bit 4-to-1 multiplexer                              : 1

=========================================================================

=========================================================================
*                         Low Level Synthesis                           *
=========================================================================

ERROR:Xst:528 - Multi-source in Unit <BiggerBlackerBox> on signal <raout<7>>; this signal is connected to multiple drivers.
Drivers are: 
   Output signal of FDCE instance <regA/DOUT_7>
   Output signal of FDCE instance <regB/DOUT_7>
   Output signal of FDCE instance <regop/DOUT_7>

ERROR:Xst:528 - Multi-source in Unit <BiggerBlackerBox> on signal <raout<6>>; this signal is connected to multiple drivers.
Drivers are: 
   Output signal of FDCE instance <regA/DOUT_6>
   Output signal of FDCE instance <regB/DOUT_6>
   Output signal of FDCE instance <regop/DOUT_6>

ERROR:Xst:528 - Multi-source in Unit <BiggerBlackerBox> on signal <raout<5>>; this signal is connected to multiple drivers.
Drivers are: 
   Output signal of FDCE instance <regA/DOUT_5>
   Output signal of FDCE instance <regB/DOUT_5>
   Output signal of FDCE instance <regop/DOUT_5>

ERROR:Xst:528 - Multi-source in Unit <BiggerBlackerBox> on signal <raout<4>>; this signal is connected to multiple drivers.
Drivers are: 
   Output signal of FDCE instance <regA/DOUT_4>
   Output signal of FDCE instance <regB/DOUT_4>
   Output signal of FDCE instance <regop/DOUT_4>

ERROR:Xst:528 - Multi-source in Unit <BiggerBlackerBox> on signal <raout<3>>; this signal is connected to multiple drivers.
Drivers are: 
   Output signal of FDCE instance <regA/DOUT_3>
   Output signal of FDCE instance <regB/DOUT_3>
   Output signal of FDCE instance <regop/DOUT_3>

ERROR:Xst:528 - Multi-source in Unit <BiggerBlackerBox> on signal <raout<2>>; this signal is connected to multiple drivers.
Drivers are: 
   Output signal of FDCE instance <regA/DOUT_2>
   Output signal of FDCE instance <regB/DOUT_2>
   Output signal of FDCE instance <regop/DOUT_2>

ERROR:Xst:528 - Multi-source in Unit <BiggerBlackerBox> on signal <raout<1>>; this signal is connected to multiple drivers.
Drivers are: 
   Output signal of FDCE instance <regA/DOUT_1>
   Output signal of FDCE instance <regB/DOUT_1>
   Output signal of FDCE instance <regop/DOUT_1>

ERROR:Xst:528 - Multi-source in Unit <BiggerBlackerBox> on signal <raout<0>>; this signal is connected to multiple drivers.
Drivers are: 
   Output signal of FDCE instance <regA/DOUT_0>
   Output signal of FDCE instance <regB/DOUT_0>
   Output signal of FDCE instance <regop/DOUT_0>


Total REAL time to Xst completion: 14.00 secs
Total CPU time to Xst completion: 13.52 secs
 
--> 

Total memory usage is 250896 kilobytes

Number of errors   :    8 (   0 filtered)
Number of warnings :   14 (   0 filtered)
Number of infos    :    4 (   0 filtered)

