EN debounce NULL "C:/Users/Miles/Desktop/ECE368-Lab-master/ECE368-Lab-master/Lab 2/Button/debounce.vhd" sub00/vhpl00 1455309311
AR debounce logic "C:/Users/Miles/Desktop/ECE368-Lab-master/ECE368-Lab-master/Lab 2/Button/debounce.vhd" sub00/vhpl01 1455309312
AR buttoncontrol structural "C:/Users/Miles/Desktop/ECE368-Lab-master/ECE368-Lab-master/Lab 2/Button/button_controller.vhd" sub00/vhpl03 1455309314
EN buttoncontrol NULL "C:/Users/Miles/Desktop/ECE368-Lab-master/ECE368-Lab-master/Lab 2/Button/button_controller.vhd" sub00/vhpl02 1455309313
