AR alu structural "C:/Users/Miles/Desktop/ECE368-Lab-master/ECE368-Lab-master/Lab 2/ALU/alu_toplevel.vhd" sub00/vhpl11 1455312729
AR arith_unit combinational "C:/Users/Miles/Desktop/ECE368-Lab-master/ECE368-Lab-master/Lab 2/ALU/alu_arithmetic_unit.vhd" sub00/vhpl01 1455312719
AR load_store_unit behavioral "C:/Users/Miles/Desktop/ECE368-Lab-master/ECE368-Lab-master/Lab 2/ALU/load_store_unit.vhd" sub00/vhpl07 1455312725
AR alu_mux combinational "C:/Users/Miles/Desktop/ECE368-Lab-master/ECE368-Lab-master/Lab 2/ALU/alu_mux.vhd" sub00/vhpl09 1455312727
AR logic_unit combinational "C:/Users/Miles/Desktop/ECE368-Lab-master/ECE368-Lab-master/Lab 2/ALU/alu_logic_unit.vhd" sub00/vhpl03 1455312721
EN load_store_unit NULL "C:/Users/Miles/Desktop/ECE368-Lab-master/ECE368-Lab-master/Lab 2/ALU/load_store_unit.vhd" sub00/vhpl06 1455312724
EN arith_unit NULL "C:/Users/Miles/Desktop/ECE368-Lab-master/ECE368-Lab-master/Lab 2/ALU/alu_arithmetic_unit.vhd" sub00/vhpl00 1455312718
EN logic_unit NULL "C:/Users/Miles/Desktop/ECE368-Lab-master/ECE368-Lab-master/Lab 2/ALU/alu_logic_unit.vhd" sub00/vhpl02 1455312720
EN alu_shift_unit NULL "C:/Users/Miles/Desktop/ECE368-Lab-master/ECE368-Lab-master/Lab 2/ALU/alu_shift_unit.vhd" sub00/vhpl04 1455312722
AR alu_shift_unit combinational "C:/Users/Miles/Desktop/ECE368-Lab-master/ECE368-Lab-master/Lab 2/ALU/alu_shift_unit.vhd" sub00/vhpl05 1455312723
EN alu_mux NULL "C:/Users/Miles/Desktop/ECE368-Lab-master/ECE368-Lab-master/Lab 2/ALU/alu_mux.vhd" sub00/vhpl08 1455312726
EN alu NULL "C:/Users/Miles/Desktop/ECE368-Lab-master/ECE368-Lab-master/Lab 2/ALU/alu_toplevel.vhd" sub00/vhpl10 1455312728
