EN biggerblackerbox NULL "C:/Users/Drew/Documents/ECE_368/Lab 2/Lab2FinalDesign/BiggerBlackerBox.vhd" sub00/vhpl04 1455734555
AR biggerblackerbox behavioral "C:/Users/Drew/Documents/ECE_368/Lab 2/Lab2FinalDesign/BiggerBlackerBox.vhd" sub00/vhpl09 1455734556
AR alu structural "C:/Users/Drew/Documents/ECE_368/Lab 2/ALU/alu_toplevel.vhd" sub00/vhpl23 1455734554
AR arith_unit combinational "C:/Users/Drew/Documents/ECE_368/Lab 2/ALU/alu_arithmetic_unit.vhd" sub00/vhpl15 1455734534
AR sseg_toplevel structural "C:/Users/Drew/Documents/ECE_368/Lab 2/SevenSegmentDisplay/SevenSeg_toplevel.vhd" sub00/vhpl03 1455734552
AR load_store_unit behavioral "C:/Users/Drew/Documents/ECE_368/Lab 2/ALU/load_store_unit.vhd" sub00/vhpl11 1455734540
AR alu_mux combinational "C:/Users/Drew/Documents/ECE_368/Lab 2/ALU/alu_mux.vhd" sub00/vhpl21 1455734542
EN sseg_toplevel NULL "C:/Users/Drew/Documents/ECE_368/Lab 2/SevenSegmentDisplay/SevenSeg_toplevel.vhd" sub00/vhpl02 1455734551
AR switchmux behavioral "C:/Users/Drew/Documents/ECE_368/Lab 2/Lab2FinalDesign/SwitchMux.vhd" sub00/vhpl06 1455734546
AR logic_unit combinational "C:/Users/Drew/Documents/ECE_368/Lab 2/ALU/alu_logic_unit.vhd" sub00/vhpl17 1455734536
EN load_store_unit NULL "C:/Users/Drew/Documents/ECE_368/Lab 2/ALU/load_store_unit.vhd" sub00/vhpl10 1455734539
AR ssegdriver behavioral "C:/Users/Drew/Documents/ECE_368/Lab 2/SevenSegmentDisplay/SevenSeg.vhd" sub00/vhpl01 1455734544
EN ssegdriver NULL "C:/Users/Drew/Documents/ECE_368/Lab 2/SevenSegmentDisplay/SevenSeg.vhd" sub00/vhpl00 1455734543
EN arith_unit NULL "C:/Users/Drew/Documents/ECE_368/Lab 2/ALU/alu_arithmetic_unit.vhd" sub00/vhpl14 1455734533
EN logic_unit NULL "C:/Users/Drew/Documents/ECE_368/Lab 2/ALU/alu_logic_unit.vhd" sub00/vhpl16 1455734535
EN alu_shift_unit NULL "C:/Users/Drew/Documents/ECE_368/Lab 2/ALU/alu_shift_unit.vhd" sub00/vhpl18 1455734537
AR alu_shift_unit combinational "C:/Users/Drew/Documents/ECE_368/Lab 2/ALU/alu_shift_unit.vhd" sub00/vhpl19 1455734538
EN switchmux NULL "C:/Users/Drew/Documents/ECE_368/Lab 2/Lab2FinalDesign/SwitchMux.vhd" sub00/vhpl05 1455734545
AR registermux behavioral "C:/Users/Drew/Documents/ECE_368/Lab 2/Lab2FinalDesign/RegisterMux.vhd" sub00/vhpl13 1455734548
EN simpreg NULL "C:/Users/Drew/Documents/ECE_368/Lab 2/Lab2FinalDesign/reg.vhd" sub00/vhpl07 1455734549
EN alu_mux NULL "C:/Users/Drew/Documents/ECE_368/Lab 2/ALU/alu_mux.vhd" sub00/vhpl20 1455734541
AR simpreg simple "C:/Users/Drew/Documents/ECE_368/Lab 2/Lab2FinalDesign/reg.vhd" sub00/vhpl08 1455734550
EN registermux NULL "C:/Users/Drew/Documents/ECE_368/Lab 2/Lab2FinalDesign/RegisterMux.vhd" sub00/vhpl12 1455734547
EN alu NULL "C:/Users/Drew/Documents/ECE_368/Lab 2/ALU/alu_toplevel.vhd" sub00/vhpl22 1455734553
