EN biggerblackerbox NULL "C:/Users/Miles/Documents/GitHub/ECE_368/Lab 2/Lab2FinalDesign/BiggerBlackerBox.vhd" sub00/vhpl04 1455655169
AR biggerblackerbox behavioral "C:/Users/Miles/Documents/GitHub/ECE_368/Lab 2/Lab2FinalDesign/BiggerBlackerBox.vhd" sub00/vhpl09 1455655170
AR sseg_toplevel structural "C:/Users/Miles/Documents/GitHub/ECE_368/Lab 2/SevenSegmentDisplay/SevenSeg_toplevel.vhd" sub00/vhpl03 1455655168
AR load_store_unit behavioral "C:/Users/Miles/Documents/GitHub/ECE_368/Lab 2/ALU/load_store_unit.vhd" sub00/vhpl11 1455661250
EN sseg_toplevel NULL "C:/Users/Miles/Documents/GitHub/ECE_368/Lab 2/SevenSegmentDisplay/SevenSeg_toplevel.vhd" sub00/vhpl02 1455655167
AR switchmux behavioral "C:/Users/Miles/Documents/GitHub/ECE_368/Lab 2/Lab2FinalDesign/SwitchMux.vhd" sub00/vhpl06 1455662409
EN load_store_unit NULL "C:/Users/Miles/Documents/GitHub/ECE_368/Lab 2/ALU/load_store_unit.vhd" sub00/vhpl10 1455661249
AR ssegdriver behavioral "C:/Users/Miles/Documents/GitHub/ECE_368/Lab 2/SevenSegmentDisplay/SevenSeg.vhd" sub00/vhpl01 1455661344
EN ssegdriver NULL "C:/Users/Miles/Documents/GitHub/ECE_368/Lab 2/SevenSegmentDisplay/SevenSeg.vhd" sub00/vhpl00 1455661343
EN switchmux NULL "C:/Users/Miles/Documents/GitHub/ECE_368/Lab 2/Lab2FinalDesign/SwitchMux.vhd" sub00/vhpl05 1455662408
EN simpreg NULL "C:/Users/Miles/Documents/GitHub/ECE_368/Lab 2/Lab2FinalDesign/reg.vhd" sub00/vhpl07 1455655165
AR simpreg simple "C:/Users/Miles/Documents/GitHub/ECE_368/Lab 2/Lab2FinalDesign/reg.vhd" sub00/vhpl08 1455655166
EN registermux NULL "C:/Users/Miles/Documents/GitHub/ECE_368/Lab 2/Lab2FinalDesign/RegisterMux.vhd" sub00/vhpl12 1455662165
