V3 3
FL "C:/Users/Miles/Documents/GitHub/ECE_368/Lab 2/Lab2FinalDesign/BiggerBlackerBox.vhd" 2016/02/13.17:23:36 P.20131013
EN work/BiggerBlackerBox 1455402904 \
      FL "C:/Users/Miles/Documents/GitHub/ECE_368/Lab 2/Lab2FinalDesign/BiggerBlackerBox.vhd" \
      PB ieee/std_logic_1164 1381692176
AR work/BiggerBlackerBox/Behavioral 1455402905 \
      FL "C:/Users/Miles/Documents/GitHub/ECE_368/Lab 2/Lab2FinalDesign/BiggerBlackerBox.vhd" \
      EN work/BiggerBlackerBox 1455402904
