V3 20
FL "C:/Users/Richard/Desktop/School/Engineering/ECE368/ECE_368/ECE_368/Lab 2/Lab2FinalDesign/BiggerBlackerBox.vhd" 2016/02/16.13:18:30 P.20131013
EN work/BiggerBlackerBox 1455649656 \
      FL "C:/Users/Richard/Desktop/School/Engineering/ECE368/ECE_368/ECE_368/Lab 2/Lab2FinalDesign/BiggerBlackerBox.vhd" \
      PB ieee/std_logic_1164 1381692176
AR work/BiggerBlackerBox/Behavioral 1455649657 \
      FL "C:/Users/Richard/Desktop/School/Engineering/ECE368/ECE_368/ECE_368/Lab 2/Lab2FinalDesign/BiggerBlackerBox.vhd" \
      EN work/BiggerBlackerBox 1455649656 CP work/SwitchMux CP work/SIMPREG \
      CP work/SSeg_toplevel
FL "C:/Users/Richard/Desktop/School/Engineering/ECE368/ECE_368/ECE_368/Lab 2/Lab2FinalDesign/reg.vhd" 2016/02/16.13:18:30 P.20131013
EN work/SIMPREG 1455649652 \
      FL "C:/Users/Richard/Desktop/School/Engineering/ECE368/ECE_368/ECE_368/Lab 2/Lab2FinalDesign/reg.vhd" \
      PB ieee/std_logic_1164 1381692176
AR work/SIMPREG/SIMPLE 1455649653 \
      FL "C:/Users/Richard/Desktop/School/Engineering/ECE368/ECE_368/ECE_368/Lab 2/Lab2FinalDesign/reg.vhd" \
      EN work/SIMPREG 1455649652
FL "C:/Users/Richard/Desktop/School/Engineering/ECE368/ECE_368/ECE_368/Lab 2/Lab2FinalDesign/SwitchMux.vhd" 2016/02/16.13:18:29 P.20131013
EN work/SwitchMux 1455649650 \
      FL "C:/Users/Richard/Desktop/School/Engineering/ECE368/ECE_368/ECE_368/Lab 2/Lab2FinalDesign/SwitchMux.vhd" \
      PB ieee/std_logic_1164 1381692176
AR work/SwitchMux/Behavioral 1455649651 \
      FL "C:/Users/Richard/Desktop/School/Engineering/ECE368/ECE_368/ECE_368/Lab 2/Lab2FinalDesign/SwitchMux.vhd" \
      EN work/SwitchMux 1455649650
FL "C:/Users/Richard/Desktop/School/Engineering/ECE368/ECE_368/ECE_368/Lab 2/SevenSegmentDisplay/SevenSeg.vhd" 2016/02/16.14:02:25 P.20131013
EN work/SSegDriver 1455649648 \
      FL "C:/Users/Richard/Desktop/School/Engineering/ECE368/ECE_368/ECE_368/Lab 2/SevenSegmentDisplay/SevenSeg.vhd" \
      PB ieee/std_logic_1164 1381692176 PB ieee/std_logic_arith 1381692177 \
      PB ieee/STD_LOGIC_UNSIGNED 1381692179
AR work/SSegDriver/Behavioral 1455649649 \
      FL "C:/Users/Richard/Desktop/School/Engineering/ECE368/ECE_368/ECE_368/Lab 2/SevenSegmentDisplay/SevenSeg.vhd" \
      EN work/SSegDriver 1455649648
FL "C:/Users/Richard/Desktop/School/Engineering/ECE368/ECE_368/ECE_368/Lab 2/SevenSegmentDisplay/SevenSeg_toplevel.vhd" 2016/02/16.14:02:25 P.20131013
EN work/SSeg_toplevel 1455649654 \
      FL "C:/Users/Richard/Desktop/School/Engineering/ECE368/ECE_368/ECE_368/Lab 2/SevenSegmentDisplay/SevenSeg_toplevel.vhd" \
      PB ieee/std_logic_1164 1381692176 PB ieee/std_logic_arith 1381692177 \
      PB ieee/STD_LOGIC_UNSIGNED 1381692179 LB work
AR work/SSeg_toplevel/Structural 1455649655 \
      FL "C:/Users/Richard/Desktop/School/Engineering/ECE368/ECE_368/ECE_368/Lab 2/SevenSegmentDisplay/SevenSeg_toplevel.vhd" \
      EN work/SSeg_toplevel 1455649654 CP work/SSegDriver
