V3 8
FL "C:/Users/Miles/Desktop/ECE368-Lab-master/ECE368-Lab-master/Lab 2/Button/button_controller.vhd" 2016/02/10.14:11:07 P.20131013
EN work/buttoncontrol 1455309313 \
      FL "C:/Users/Miles/Desktop/ECE368-Lab-master/ECE368-Lab-master/Lab 2/Button/button_controller.vhd" \
      PB ieee/std_logic_1164 1381692176 LB work
AR work/buttoncontrol/Structural 1455309314 \
      FL "C:/Users/Miles/Desktop/ECE368-Lab-master/ECE368-Lab-master/Lab 2/Button/button_controller.vhd" \
      EN work/buttoncontrol 1455309313 CP work/debounce
FL "C:/Users/Miles/Desktop/ECE368-Lab-master/ECE368-Lab-master/Lab 2/Button/debounce.vhd" 2016/02/10.14:11:07 P.20131013
EN work/debounce 1455309311 \
      FL "C:/Users/Miles/Desktop/ECE368-Lab-master/ECE368-Lab-master/Lab 2/Button/debounce.vhd" \
      PB ieee/std_logic_1164 1381692176 PB ieee/STD_LOGIC_UNSIGNED 1381692179
AR work/debounce/Logic 1455309312 \
      FL "C:/Users/Miles/Desktop/ECE368-Lab-master/ECE368-Lab-master/Lab 2/Button/debounce.vhd" \
      EN work/debounce 1455309311
